[01Mar2026 13:31:39.283] [main/INFO] [cpw.mods.modlauncher.Launcher/MODLAUNCHER]: ModLauncher running: args [--launchTarget, forgeclientdev, --version, 21.1.216, --assetIndex, 17, --assetsDir, /Users/fengyue.john.zhu/.gradle/caches/neoformruntime/assets, --gameDir, ., --fml.fmlVersion, 4.0.42, --fml.mcVersion, 1.21.1, --fml.neoForgeVersion, 21.1.216, --fml.neoFormVersion, 20240808.144430]
[01Mar2026 13:31:39.285] [main/INFO] [cpw.mods.modlauncher.Launcher/MODLAUNCHER]: JVM identified as Oracle Corporation Java HotSpot(TM) 64-Bit Server VM 21.0.8+12-LTS-250
[01Mar2026 13:31:39.286] [main/INFO] [cpw.mods.modlauncher.Launcher/MODLAUNCHER]: ModLauncher 11.0.5+main.901c6ea8 starting: java version 21.0.8 by Oracle Corporation; OS Mac OS X arch aarch64 version 15.6.1
[01Mar2026 13:31:39.341] [main/INFO] [net.neoforged.fml.loading.ImmediateWindowHandler/]: Loading ImmediateWindowProvider fmlearlywindow
[01Mar2026 13:31:39.522] [main/INFO] [EARLYDISPLAY/]: Trying GL version 4.6
[01Mar2026 13:31:39.583] [main/INFO] [EARLYDISPLAY/]: Trying GL version 4.5
[01Mar2026 13:31:39.594] [main/INFO] [EARLYDISPLAY/]: Trying GL version 4.4
[01Mar2026 13:31:39.601] [main/INFO] [EARLYDISPLAY/]: Trying GL version 4.3
[01Mar2026 13:31:39.608] [main/INFO] [EARLYDISPLAY/]: Trying GL version 4.2
[01Mar2026 13:31:39.613] [main/INFO] [EARLYDISPLAY/]: Trying GL version 4.1
[01Mar2026 13:31:39.627] [main/INFO] [EARLYDISPLAY/]: Requested GL version 4.1 got version 4.1
[01Mar2026 13:31:39.719] [main/INFO] [mixin/]: SpongePowered MIXIN Subsystem Version=0.8.7 Source=union:/Users/fengyue.john.zhu/.gradle/caches/modules-2/files-2.1/net.fabricmc/sponge-mixin/0.15.2+mixin.0.8.7/2af2f021d8e02a0220dc27a7a72b4666d66d44ca/sponge-mixin-0.15.2+mixin.0.8.7.jar%23132!/ Service=ModLauncher Env=CLIENT
[01Mar2026 13:31:39.963] [pool-2-thread-1/INFO] [EARLYDISPLAY/]: GL info: Apple M1 Pro GL version 4.1 Metal - 89.4, Apple
[01Mar2026 13:31:39.970] [main/INFO] [net.neoforged.fml.loading.moddiscovery.locators.JarInJarDependencyLocator/]: Found 2 dependencies adding them to mods collection
[01Mar2026 13:31:39.971] [main/INFO] [net.neoforged.fml.loading.moddiscovery.ModDiscoverer/]: 
     Mod List:
		Name Version (Mod Id)

		Central Heater 1.3.0 (central_heater)
		Farmer's Delight 1.2.9 (farmersdelight)
		Farmers Heaters 1.0.3 (farmers_heaters)
		Just Enough Items 19.25.1.332 (jei)
		Minecraft 1.21.1 (minecraft)
		My Nether's Delight 1.9 (mynethersdelight)
		NeoForge 21.1.216 (neoforge)
[01Mar2026 13:31:40.331] [main/INFO] [mixin/]: Compatibility level set to JAVA_21
[01Mar2026 13:31:40.340] [main/INFO] [cpw.mods.modlauncher.LaunchServiceHandler/MODLAUNCHER]: Launching target 'forgeclientdev' with arguments [--version, 21.1.216, --gameDir, ., --assetsDir, /Users/fengyue.john.zhu/.gradle/caches/neoformruntime/assets, --assetIndex, 17]
[01Mar2026 13:31:41.182] [Datafixer Bootstrap/INFO] [com.mojang.datafixers.DataFixerBuilder/]: 229 Datafixer optimizations took 177 milliseconds
[01Mar2026 13:31:41.805] [pool-11-thread-1/INFO] [MixinExtras|Service/]: Initializing MixinExtras via com.llamalad7.mixinextras.service.MixinExtrasServiceImpl(version=0.5.0).
[01Mar2026 13:31:42.669] [pool-11-thread-1/WARN] [mixin/]: @Inject(@At("INVOKE")) Shift.BY=2 on central_heater.mixins.json:AbstractFurnaceBlockEntityMixin from mod central_heater::handler$zbd000$central_heater$tickAsh exceeds the maximum allowed value: 0. Increase the value of maxShiftBy to suppress this warning.
[01Mar2026 13:31:45.090] [main/WARN] [net.minecraft.commands.Commands/]: Ambiguity between arguments [teleport, location] and [teleport, destination] with inputs: [0.1 -0.5 .9, 0 0 0]
[01Mar2026 13:31:45.091] [main/WARN] [net.minecraft.commands.Commands/]: Ambiguity between arguments [teleport, location] and [teleport, targets] with inputs: [0.1 -0.5 .9, 0 0 0]
[01Mar2026 13:31:45.092] [main/WARN] [net.minecraft.commands.Commands/]: Ambiguity between arguments [teleport, destination] and [teleport, targets] with inputs: [Player, 0123, @e, dd12be42-52a9-4a91-a8a1-11c01849e498]
[01Mar2026 13:31:45.093] [main/WARN] [net.minecraft.commands.Commands/]: Ambiguity between arguments [teleport, targets] and [teleport, destination] with inputs: [Player, 0123, dd12be42-52a9-4a91-a8a1-11c01849e498]
[01Mar2026 13:31:45.094] [main/WARN] [net.minecraft.commands.Commands/]: Ambiguity between arguments [teleport, targets, location] and [teleport, targets, destination] with inputs: [0.1 -0.5 .9, 0 0 0]
[01Mar2026 13:31:45.162] [Render thread/WARN] [net.minecraft.server.packs.VanillaPackResourcesBuilder/]: Assets URL 'union:/Users/fengyue.john.zhu/Documents/Farmers%20Heaters%201.21.1/build/moddev/artifacts/neoforge-21.1.216.jar%23184!/assets/.mcassetsroot' uses unexpected schema
[01Mar2026 13:31:45.162] [Render thread/WARN] [net.minecraft.server.packs.VanillaPackResourcesBuilder/]: Assets URL 'union:/Users/fengyue.john.zhu/Documents/Farmers%20Heaters%201.21.1/build/moddev/artifacts/neoforge-21.1.216.jar%23184!/data/.mcassetsroot' uses unexpected schema
[01Mar2026 13:31:45.174] [Render thread/INFO] [com.mojang.authlib.yggdrasil.YggdrasilAuthenticationService/]: Environment: Environment[sessionHost=https://sessionserver.mojang.com, servicesHost=https://api.minecraftservices.com, name=PROD]
[01Mar2026 13:31:45.179] [Render thread/INFO] [net.minecraft.client.Minecraft/]: Setting user: Dev
[01Mar2026 13:31:45.225] [Render thread/INFO] [net.minecraft.client.Minecraft/]: Backend library: LWJGL version 3.3.3+5
[01Mar2026 13:31:45.512] [modloading-worker-0/INFO] [net.neoforged.neoforge.common.NeoForgeMod/NEOFORGE-MOD]: NeoForge mod loading, version 21.1.216, for MC 1.21.1
[01Mar2026 13:31:45.549] [modloading-worker-0/INFO] [mezz.jei.library.load.PluginCaller/]: Sending ConfigManager...
[01Mar2026 13:31:45.550] [modloading-worker-0/INFO] [mezz.jei.library.load.PluginCaller/]: Sending ConfigManager took 792.5 microseconds
[01Mar2026 13:31:45.584] [modloading-worker-0/WARN] [mixin/]: @Inject(@At("INVOKE")) Shift.BY=2 on farmers_heaters.mixins.json:HeatableBlockEntityMixin from mod farmers_heaters::handler$zbi000$farmers_heaters$isHeated exceeds the maximum allowed value: 0. Increase the value of maxShiftBy to suppress this warning.
[01Mar2026 13:31:46.340] [Render thread/INFO] [net.neoforged.neoforge.gametest.GameTestHooks/]: Enabled Gametest Namespaces: [farmers_heaters]
[01Mar2026 13:31:46.593] [Render thread/INFO] [net.minecraft.server.packs.resources.ReloadableResourceManager/]: Reloading ResourceManager: vanilla, mod_resources, mod/farmersdelight, mod/mynethersdelight, mod/neoforge, mod/central_heater, mod/farmers_heaters, mod/jei
[01Mar2026 13:31:46.602] [Worker-Main-2/INFO] [com.minecart.farmers_heaters.FarmersHeaters/]: HELLO FROM COMMON SETUP
[01Mar2026 13:31:46.603] [Worker-Main-2/INFO] [com.minecart.farmers_heaters.FarmersHeaters/]: DIRT BLOCK >> minecraft:dirt
[01Mar2026 13:31:46.603] [Worker-Main-2/INFO] [com.minecart.farmers_heaters.FarmersHeaters/]: The magic number is... 42
[01Mar2026 13:31:46.603] [Worker-Main-2/INFO] [com.minecart.farmers_heaters.FarmersHeaters/]: ITEM >> minecraft:iron_ingot
[01Mar2026 13:31:46.672] [Worker-Main-5/INFO] [net.minecraft.client.gui.font.providers.UnihexProvider/]: Found unifont_all_no_pua-15.1.05.hex, loading
[01Mar2026 13:31:46.752] [Worker-Main-4/INFO] [net.minecraft.client.gui.font.providers.UnihexProvider/]: Found unifont_jp_patch-15.1.05.hex, loading
[01Mar2026 13:31:47.694] [Render thread/WARN] [net.minecraft.client.sounds.SoundEngine/]: Missing sound for event: minecraft:item.goat_horn.play
[01Mar2026 13:31:47.694] [Render thread/WARN] [net.minecraft.client.sounds.SoundEngine/]: Missing sound for event: minecraft:entity.goat.screaming.horn_break
[01Mar2026 13:31:47.798] [Render thread/INFO] [com.mojang.blaze3d.audio.Library/]: OpenAL initialized on device MacBook Pro Speakers
[01Mar2026 13:31:47.799] [Render thread/INFO] [net.minecraft.client.sounds.SoundEngine/SOUNDS]: Sound engine started
[01Mar2026 13:31:47.866] [Render thread/INFO] [net.minecraft.client.renderer.texture.TextureAtlas/]: Created: 1024x1024x4 minecraft:textures/atlas/blocks.png-atlas
[01Mar2026 13:31:47.880] [Render thread/INFO] [net.minecraft.client.renderer.texture.TextureAtlas/]: Created: 512x256x4 minecraft:textures/atlas/signs.png-atlas
[01Mar2026 13:31:47.881] [Render thread/INFO] [net.minecraft.client.renderer.texture.TextureAtlas/]: Created: 512x512x4 minecraft:textures/atlas/shield_patterns.png-atlas
[01Mar2026 13:31:47.881] [Render thread/INFO] [net.minecraft.client.renderer.texture.TextureAtlas/]: Created: 512x512x4 minecraft:textures/atlas/banner_patterns.png-atlas
[01Mar2026 13:31:47.882] [Render thread/INFO] [net.minecraft.client.renderer.texture.TextureAtlas/]: Created: 1024x1024x4 minecraft:textures/atlas/armor_trims.png-atlas
[01Mar2026 13:31:47.885] [Render thread/INFO] [net.minecraft.client.renderer.texture.TextureAtlas/]: Created: 256x256x4 minecraft:textures/atlas/chest.png-atlas
[01Mar2026 13:31:47.886] [Render thread/INFO] [net.minecraft.client.renderer.texture.TextureAtlas/]: Created: 128x64x4 minecraft:textures/atlas/decorated_pot.png-atlas
[01Mar2026 13:31:47.886] [Render thread/INFO] [net.minecraft.client.renderer.texture.TextureAtlas/]: Created: 512x256x4 minecraft:textures/atlas/beds.png-atlas
[01Mar2026 13:31:47.886] [Render thread/INFO] [net.minecraft.client.renderer.texture.TextureAtlas/]: Created: 512x256x4 minecraft:textures/atlas/shulker_boxes.png-atlas
[01Mar2026 13:31:47.923] [Render thread/INFO] [net.minecraft.client.renderer.texture.TextureAtlas/]: Created: 512x256x0 minecraft:textures/atlas/particles.png-atlas
[01Mar2026 13:31:47.924] [Render thread/INFO] [net.minecraft.client.renderer.texture.TextureAtlas/]: Created: 512x256x0 minecraft:textures/atlas/paintings.png-atlas
[01Mar2026 13:31:47.924] [Render thread/INFO] [net.minecraft.client.renderer.texture.TextureAtlas/]: Created: 256x128x0 minecraft:textures/atlas/mob_effects.png-atlas
[01Mar2026 13:31:47.924] [Render thread/INFO] [net.minecraft.client.renderer.texture.TextureAtlas/]: Created: 64x64x0 minecraft:textures/atlas/map_decorations.png-atlas
[01Mar2026 13:31:47.924] [Render thread/INFO] [net.minecraft.client.renderer.texture.TextureAtlas/]: Created: 1024x512x0 minecraft:textures/atlas/gui.png-atlas
[01Mar2026 13:31:47.964] [Render thread/WARN] [net.minecraft.client.renderer.ShaderInstance/]: Shader rendertype_entity_translucent_emissive could not find sampler named Sampler2 in the specified shader program.
[01Mar2026 13:31:48.032] [Render thread/INFO] [net.neoforged.neoforge.client.entity.animation.json.AnimationLoader/]: Loaded 0 entity animations
[01Mar2026 13:31:48.032] [Render thread/INFO] [net.minecraft.client.renderer.texture.TextureAtlas/]: Created: 256x256x0 jei:textures/atlas/gui.png-atlas
[01Mar2026 13:31:51.175] [Render thread/WARN] [net.neoforged.neoforge.common.CommonHooks/WP]: The following mods have version differences that were not resolved:
central_heater (version 1.2.2 -> 1.3.0)
Things may not work well.
[01Mar2026 13:31:51.615] [Worker-Main-7/WARN] [net.neoforged.neoforge.registries.DataMapLoader/]: Found data map file for non-existent data map type 'minersdelight:cup_variant' on registry 'minecraft:item'.
[01Mar2026 13:31:51.698] [Render thread/ERROR] [net.minecraft.world.item.crafting.RecipeManager/]: Parsing error loading recipe brewinandchewin:fermenting/ghast_sourdough
com.google.gson.JsonParseException: Unknown registry key in ResourceKey[minecraft:root / minecraft:recipe_serializer]: brewinandchewin:fermenting
	at MC-BOOTSTRAP/datafixerupper@8.0.16/com.mojang.serialization.DataResult$Error.getOrThrow(DataResult.java:287) ~[datafixerupper-8.0.16.jar%23115!/:?]
	at TRANSFORMER/minecraft@1.21.1/net.minecraft.world.item.crafting.RecipeManager.apply(RecipeManager.java:60) ~[neoforge-21.1.216.jar%23184!/:?]
	at TRANSFORMER/minecraft@1.21.1/net.minecraft.world.item.crafting.RecipeManager.apply(RecipeManager.java:36) ~[neoforge-21.1.216.jar%23184!/:?]
	at TRANSFORMER/minecraft@1.21.1/net.minecraft.server.packs.resources.SimplePreparableReloadListener.lambda$reload$1(SimplePreparableReloadListener.java:19) ~[neoforge-21.1.216.jar%23184!/:?]
	at java.base/java.util.concurrent.CompletableFuture$UniAccept.tryFire(CompletableFuture.java:718) ~[?:?]
	at java.base/java.util.concurrent.CompletableFuture$Completion.run(CompletableFuture.java:482) ~[?:?]
	at TRANSFORMER/minecraft@1.21.1/net.minecraft.server.packs.resources.SimpleReloadInstance.lambda$new$3(SimpleReloadInstance.java:86) ~[neoforge-21.1.216.jar%23184!/:?]
	at TRANSFORMER/minecraft@1.21.1/net.minecraft.util.thread.BlockableEventLoop.doRunTask(BlockableEventLoop.java:151) ~[neoforge-21.1.216.jar%23184!/:?]
	at TRANSFORMER/minecraft@1.21.1/net.minecraft.util.thread.ReentrantBlockableEventLoop.doRunTask(ReentrantBlockableEventLoop.java:24) ~[neoforge-21.1.216.jar%23184!/:?]
	at TRANSFORMER/minecraft@1.21.1/net.minecraft.util.thread.BlockableEventLoop.pollTask(BlockableEventLoop.java:122) ~[neoforge-21.1.216.jar%23184!/:?]
	at TRANSFORMER/minecraft@1.21.1/net.minecraft.util.thread.BlockableEventLoop.managedBlock(BlockableEventLoop.java:135) ~[neoforge-21.1.216.jar%23184!/:?]
	at TRANSFORMER/minecraft@1.21.1/net.minecraft.client.gui.screens.worldselection.WorldOpenFlows.loadWorldDataBlocking(WorldOpenFlows.java:201) ~[neoforge-21.1.216.jar%23184!/:?]
	at TRANSFORMER/minecraft@1.21.1/net.minecraft.client.gui.screens.worldselection.WorldOpenFlows.loadWorldStem(WorldOpenFlows.java:142) ~[neoforge-21.1.216.jar%23184!/:?]
	at TRANSFORMER/minecraft@1.21.1/net.minecraft.client.gui.screens.worldselection.WorldOpenFlows.openWorldLoadLevelStem(WorldOpenFlows.java:346) ~[neoforge-21.1.216.jar%23184!/:?]
	at TRANSFORMER/minecraft@1.21.1/net.minecraft.client.gui.screens.worldselection.WorldOpenFlows.openWorldCheckVersionCompatibility(WorldOpenFlows.java:335) ~[neoforge-21.1.216.jar%23184!/:?]
	at TRANSFORMER/minecraft@1.21.1/net.minecraft.client.gui.screens.worldselection.WorldOpenFlows.openWorldLoadLevelData(WorldOpenFlows.java:297) ~[neoforge-21.1.216.jar%23184!/:?]
	at TRANSFORMER/minecraft@1.21.1/net.minecraft.client.gui.screens.worldselection.WorldOpenFlows.openWorld(WorldOpenFlows.java:261) ~[neoforge-21.1.216.jar%23184!/:?]
	at TRANSFORMER/minecraft@1.21.1/net.minecraft.client.gui.screens.worldselection.WorldSelectionList$WorldListEntry.joinWorld(WorldSelectionList.java:516) ~[neoforge-21.1.216.jar%23184!/:?]
	at TRANSFORMER/minecraft@1.21.1/net.minecraft.client.gui.screens.worldselection.WorldSelectionList$WorldListEntry.mouseClicked(WorldSelectionList.java:499) ~[neoforge-21.1.216.jar%23184!/:?]
	at TRANSFORMER/minecraft@1.21.1/net.minecraft.client.gui.components.AbstractSelectionList.mouseClicked(AbstractSelectionList.java:303) ~[neoforge-21.1.216.jar%23184!/:?]
	at TRANSFORMER/minecraft@1.21.1/net.minecraft.client.gui.components.events.ContainerEventHandler.mouseClicked(ContainerEventHandler.java:52) ~[neoforge-21.1.216.jar%23184!/:?]
	at TRANSFORMER/minecraft@1.21.1/net.minecraft.client.MouseHandler.lambda$onPress$0(MouseHandler.java:103) ~[neoforge-21.1.216.jar%23184!/:?]
	at TRANSFORMER/minecraft@1.21.1/net.minecraft.client.gui.screens.Screen.wrapScreenError(Screen.java:471) ~[neoforge-21.1.216.jar%23184!/:?]
	at TRANSFORMER/minecraft@1.21.1/net.minecraft.client.MouseHandler.onPress(MouseHandler.java:100) ~[neoforge-21.1.216.jar%23184!/:?]
	at TRANSFORMER/minecraft@1.21.1/net.minecraft.client.MouseHandler.lambda$setup$4(MouseHandler.java:212) ~[neoforge-21.1.216.jar%23184!/:?]
	at TRANSFORMER/minecraft@1.21.1/net.minecraft.util.thread.BlockableEventLoop.execute(BlockableEventLoop.java:98) ~[neoforge-21.1.216.jar%23184!/:?]
	at TRANSFORMER/minecraft@1.21.1/net.minecraft.client.MouseHandler.lambda$setup$5(MouseHandler.java:212) ~[neoforge-21.1.216.jar%23184!/:?]
	at MC-BOOTSTRAP/org.lwjgl.glfw@3.3.3+5/org.lwjgl.glfw.GLFWMouseButtonCallbackI.callback(GLFWMouseButtonCallbackI.java:43) ~[lwjgl-glfw-3.3.3.jar%23167!/:build 5]
	at MC-BOOTSTRAP/org.lwjgl@3.3.3+5/org.lwjgl.system.JNI.invokeV(Native Method) ~[lwjgl-3.3.3.jar%23179!/:build 5]
	at MC-BOOTSTRAP/org.lwjgl.glfw@3.3.3+5/org.lwjgl.glfw.GLFW.glfwPollEvents(GLFW.java:3438) ~[lwjgl-glfw-3.3.3.jar%23167!/:build 5]
	at TRANSFORMER/minecraft@1.21.1/com.mojang.blaze3d.systems.RenderSystem.pollEvents(RenderSystem.java:134) ~[neoforge-21.1.216.jar%23184!/:?]
	at TRANSFORMER/minecraft@1.21.1/com.mojang.blaze3d.systems.RenderSystem.flipFrame(RenderSystem.java:143) ~[neoforge-21.1.216.jar%23184!/:?]
	at TRANSFORMER/minecraft@1.21.1/com.mojang.blaze3d.platform.Window.updateDisplay(Window.java:296) ~[neoforge-21.1.216.jar%23184!/:?]
	at TRANSFORMER/minecraft@1.21.1/net.minecraft.client.Minecraft.runTick(Minecraft.java:1223) ~[neoforge-21.1.216.jar%23184!/:?]
	at TRANSFORMER/minecraft@1.21.1/net.minecraft.client.Minecraft.run(Minecraft.java:813) ~[neoforge-21.1.216.jar%23184!/:?]
	at TRANSFORMER/minecraft@1.21.1/net.minecraft.client.main.Main.main(Main.java:230) ~[neoforge-21.1.216.jar%23184!/:?]
	at java.base/jdk.internal.reflect.DirectMethodHandleAccessor.invoke(DirectMethodHandleAccessor.java:103) ~[?:?]
	at java.base/java.lang.reflect.Method.invoke(Method.java:580) ~[?:?]
	at MC-BOOTSTRAP/fml_loader@4.0.42/net.neoforged.fml.loading.targets.CommonLaunchHandler.runTarget(CommonLaunchHandler.java:136) ~[loader-4.0.42.jar%23140!/:4.0]
	at MC-BOOTSTRAP/fml_loader@4.0.42/net.neoforged.fml.loading.targets.CommonLaunchHandler.clientService(CommonLaunchHandler.java:124) ~[loader-4.0.42.jar%23140!/:4.0]
	at MC-BOOTSTRAP/fml_loader@4.0.42/net.neoforged.fml.loading.targets.NeoForgeClientDevLaunchHandler.runService(NeoForgeClientDevLaunchHandler.java:23) ~[loader-4.0.42.jar%23140!/:4.0]
	at MC-BOOTSTRAP/fml_loader@4.0.42/net.neoforged.fml.loading.targets.CommonLaunchHandler.lambda$launchService$4(CommonLaunchHandler.java:118) ~[loader-4.0.42.jar%23140!/:4.0]
	at MC-BOOTSTRAP/cpw.mods.modlauncher@11.0.5/cpw.mods.modlauncher.LaunchServiceHandlerDecorator.launch(LaunchServiceHandlerDecorator.java:30) [modlauncher-11.0.5.jar%23122!/:?]
	at MC-BOOTSTRAP/cpw.mods.modlauncher@11.0.5/cpw.mods.modlauncher.LaunchServiceHandler.launch(LaunchServiceHandler.java:53) [modlauncher-11.0.5.jar%23122!/:?]
	at MC-BOOTSTRAP/cpw.mods.modlauncher@11.0.5/cpw.mods.modlauncher.LaunchServiceHandler.launch(LaunchServiceHandler.java:71) [modlauncher-11.0.5.jar%23122!/:?]
	at MC-BOOTSTRAP/cpw.mods.modlauncher@11.0.5/cpw.mods.modlauncher.Launcher.run(Launcher.java:103) [modlauncher-11.0.5.jar%23122!/:?]
	at MC-BOOTSTRAP/cpw.mods.modlauncher@11.0.5/cpw.mods.modlauncher.Launcher.main(Launcher.java:74) [modlauncher-11.0.5.jar%23122!/:?]
	at MC-BOOTSTRAP/cpw.mods.modlauncher@11.0.5/cpw.mods.modlauncher.BootstrapLaunchConsumer.accept(BootstrapLaunchConsumer.java:26) [modlauncher-11.0.5.jar%23122!/:?]
	at MC-BOOTSTRAP/cpw.mods.modlauncher@11.0.5/cpw.mods.modlauncher.BootstrapLaunchConsumer.accept(BootstrapLaunchConsumer.java:23) [modlauncher-11.0.5.jar%23122!/:?]
	at cpw.mods.bootstraplauncher@2.0.2/cpw.mods.bootstraplauncher.BootstrapLauncher.run(BootstrapLauncher.java:210) [bootstraplauncher-2.0.2.jar:?]
	at cpw.mods.bootstraplauncher@2.0.2/cpw.mods.bootstraplauncher.BootstrapLauncher.main(BootstrapLauncher.java:69) [bootstraplauncher-2.0.2.jar:?]
	at java.base/jdk.internal.reflect.DirectMethodHandleAccessor.invoke(DirectMethodHandleAccessor.java:103) ~[?:?]
	at java.base/java.lang.reflect.Method.invoke(Method.java:580) ~[?:?]
	at net.neoforged.devlaunch.Main.main(Main.java:57) [DevLaunch-1.0.2.jar:?]
[01Mar2026 13:31:51.714] [Render thread/INFO] [net.minecraft.world.item.crafting.RecipeManager/]: Loaded 2195 recipes
[01Mar2026 13:31:51.842] [Render thread/INFO] [net.minecraft.advancements.AdvancementTree/]: Loaded 2217 advancements
[01Mar2026 13:31:52.289] [Server thread/INFO] [net.minecraft.client.server.IntegratedServer/]: Starting integrated minecraft server version 1.21.1
[01Mar2026 13:31:52.289] [Server thread/INFO] [net.minecraft.server.MinecraftServer/]: Generating keypair
[01Mar2026 13:31:53.058] [Server thread/INFO] [net.minecraft.server.MinecraftServer/]: Preparing start region for dimension minecraft:overworld
[01Mar2026 13:31:53.211] [progressListener/INFO] [net.minecraft.server.level.progress.LoggerChunkProgressListener/]: Preparing spawn area: 0%
[01Mar2026 13:31:53.282] [Server thread/INFO] [net.neoforged.neoforge.server.permission.PermissionAPI/]: Successfully initialized permission handler neoforge:default_handler
[01Mar2026 13:31:53.287] [progressListener/INFO] [net.minecraft.server.level.progress.LoggerChunkProgressListener/]: Time elapsed: 227 ms
[01Mar2026 13:31:53.341] [Server thread/INFO] [net.minecraft.client.server.IntegratedServer/]: Changing view distance to 12, from 10
[01Mar2026 13:31:53.341] [Server thread/INFO] [net.minecraft.client.server.IntegratedServer/]: Changing simulation distance to 12, from 0
[01Mar2026 13:31:53.685] [Server thread/INFO] [net.minecraft.server.players.PlayerList/]: Dev[local:E:efe53ade] logged in with entity id 79 at (-9.740747969819031, 72.0, -0.3827083786425601)
[01Mar2026 13:31:53.726] [Server thread/INFO] [net.minecraft.server.MinecraftServer/]: Dev joined the game
[01Mar2026 13:31:53.829] [Render thread/WARN] [net.minecraft.client.ClientRecipeBook/]: Unknown recipe category: central_heater:smoldering/minecraft:recipe_with_briquettes_time_100_tier_2_with_flame_level_1
[01Mar2026 13:31:53.829] [Render thread/WARN] [net.minecraft.client.ClientRecipeBook/]: Unknown recipe category: central_heater:smoldering/minecraft:recipe_with_soap_time_400_tier_2_with_flame_level_1
[01Mar2026 13:31:53.829] [Render thread/WARN] [net.minecraft.client.ClientRecipeBook/]: Unknown recipe category: central_heater:smoldering/minecraft:recipe_with_slime_ball_time_200_tier_1_with_flame_level_1
[01Mar2026 13:31:53.829] [Render thread/WARN] [net.minecraft.client.ClientRecipeBook/]: Unknown recipe category: central_heater:smoldering/minecraft:recipe_with_black_concrete_time_20_tier_0_with_flame_level_0
[01Mar2026 13:31:53.829] [Render thread/WARN] [net.minecraft.client.ClientRecipeBook/]: Unknown recipe category: central_heater:smoldering/minecraft:recipe_with_stone_brick_time_100_tier_2_with_flame_level_1
[01Mar2026 13:31:53.829] [Render thread/WARN] [net.minecraft.client.ClientRecipeBook/]: Unknown recipe category: central_heater:smoldering/minecraft:recipe_with_red_concrete_time_20_tier_0_with_flame_level_0
[01Mar2026 13:31:53.829] [Render thread/WARN] [net.minecraft.client.ClientRecipeBook/]: Unknown recipe category: central_heater:smoldering/minecraft:recipe_with_orange_concrete_time_20_tier_0_with_flame_level_0
[01Mar2026 13:31:53.829] [Render thread/WARN] [net.minecraft.client.ClientRecipeBook/]: Unknown recipe category: central_heater:smoldering/minecraft:recipe_with_cyan_concrete_time_20_tier_0_with_flame_level_0
[01Mar2026 13:31:53.829] [Render thread/WARN] [net.minecraft.client.ClientRecipeBook/]: Unknown recipe category: central_heater:smoldering/minecraft:recipe_with_gray_concrete_time_20_tier_0_with_flame_level_0
[01Mar2026 13:31:53.830] [Render thread/WARN] [net.minecraft.client.ClientRecipeBook/]: Unknown recipe category: central_heater:smoldering/minecraft:recipe_with_water_time_100_tier_1_with_flame_level_1
[01Mar2026 13:31:53.830] [Render thread/WARN] [net.minecraft.client.ClientRecipeBook/]: Unknown recipe category: central_heater:smoldering/minecraft:recipe_with_bone_meal_time_100_tier_1_with_flame_level_1
[01Mar2026 13:31:53.830] [Render thread/WARN] [net.minecraft.client.ClientRecipeBook/]: Unknown recipe category: central_heater:smoldering/minecraft:recipe_with_sturdy_brick_time_200_tier_3_with_flame_level_1
[01Mar2026 13:31:53.830] [Render thread/WARN] [net.minecraft.client.ClientRecipeBook/]: Unknown recipe category: central_heater:smoldering/minecraft:recipe_with_soul_mixture_time_100_tier_2_with_flame_level_1
[01Mar2026 13:31:53.830] [Render thread/WARN] [net.minecraft.client.ClientRecipeBook/]: Unknown recipe category: central_heater:smoldering/minecraft:recipe_with_green_concrete_time_20_tier_0_with_flame_level_0
[01Mar2026 13:31:53.830] [Render thread/WARN] [net.minecraft.client.ClientRecipeBook/]: Unknown recipe category: central_heater:smoldering/minecraft:recipe_with_lime_concrete_time_20_tier_0_with_flame_level_0
[01Mar2026 13:31:53.830] [Render thread/WARN] [net.minecraft.client.ClientRecipeBook/]: Unknown recipe category: central_heater:smoldering/minecraft:recipe_with_clay_bit_time_200_tier_1_with_flame_level_0
[01Mar2026 13:31:53.830] [Render thread/WARN] [net.minecraft.client.ClientRecipeBook/]: Unknown recipe category: central_heater:smoldering/minecraft:recipe_with_yellow_concrete_time_20_tier_0_with_flame_level_0
[01Mar2026 13:31:53.830] [Render thread/WARN] [net.minecraft.client.ClientRecipeBook/]: Unknown recipe category: central_heater:smoldering/minecraft:recipe_with_slime_ball_lava_time_200_tier_3_with_flame_level_2
[01Mar2026 13:31:53.830] [Render thread/WARN] [net.minecraft.client.ClientRecipeBook/]: Unknown recipe category: central_heater:smoldering/minecraft:recipe_with_blue_concrete_time_20_tier_0_with_flame_level_0
[01Mar2026 13:31:53.830] [Render thread/WARN] [net.minecraft.client.ClientRecipeBook/]: Unknown recipe category: central_heater:smoldering/minecraft:recipe_with_light_gray_concrete_time_20_tier_0_with_flame_level_0
[01Mar2026 13:31:53.830] [Render thread/WARN] [net.minecraft.client.ClientRecipeBook/]: Unknown recipe category: central_heater:smoldering/minecraft:recipe_with_gunpowder_gunpowder_time_200_tier_2_with_flame_level_1
[01Mar2026 13:31:53.830] [Render thread/WARN] [net.minecraft.client.ClientRecipeBook/]: Unknown recipe category: central_heater:smoldering/minecraft:recipe_with_scorched_briquettes_time_100_tier_2_with_flame_level_2
[01Mar2026 13:31:53.830] [Render thread/WARN] [net.minecraft.client.ClientRecipeBook/]: Unknown recipe category: central_heater:smoldering/minecraft:recipe_with_light_blue_concrete_time_20_tier_0_with_flame_level_0
[01Mar2026 13:31:53.830] [Render thread/WARN] [net.minecraft.client.ClientRecipeBook/]: Unknown recipe category: central_heater:smoldering/minecraft:recipe_with_magenta_concrete_time_20_tier_0_with_flame_level_0
[01Mar2026 13:31:53.830] [Render thread/WARN] [net.minecraft.client.ClientRecipeBook/]: Unknown recipe category: central_heater:smoldering/minecraft:recipe_with_pink_concrete_time_20_tier_0_with_flame_level_0
[01Mar2026 13:31:53.830] [Render thread/WARN] [net.minecraft.client.ClientRecipeBook/]: Unknown recipe category: central_heater:smoldering/minecraft:recipe_with_brown_concrete_time_20_tier_0_with_flame_level_0
[01Mar2026 13:31:53.830] [Render thread/WARN] [net.minecraft.client.ClientRecipeBook/]: Unknown recipe category: central_heater:smoldering/minecraft:recipe_with_purple_concrete_time_20_tier_0_with_flame_level_0
[01Mar2026 13:31:53.830] [Render thread/WARN] [net.minecraft.client.ClientRecipeBook/]: Unknown recipe category: central_heater:smoldering/minecraft:recipe_with_wheat_dough_time_100_tier_1_with_flame_level_0
[01Mar2026 13:31:53.830] [Render thread/WARN] [net.minecraft.client.ClientRecipeBook/]: Unknown recipe category: central_heater:smoldering/minecraft:recipe_with_coal_time_200_tier_2_with_flame_level_2
[01Mar2026 13:31:53.830] [Render thread/WARN] [net.minecraft.client.ClientRecipeBook/]: Unknown recipe category: central_heater:smoldering/minecraft:recipe_with_deepslate_brick_time_100_tier_2_with_flame_level_1
[01Mar2026 13:31:53.830] [Render thread/WARN] [net.minecraft.client.ClientRecipeBook/]: Unknown recipe category: central_heater:smoldering/minecraft:recipe_with_white_concrete_time_20_tier_0_with_flame_level_0
[01Mar2026 13:31:53.834] [Render thread/INFO] [mezz.jei.core.util.LoggedTimer/]: Starting JEI...
[01Mar2026 13:31:53.838] [Render thread/INFO] [mezz.jei.library.load.PluginCaller/]: Registering item subtypes...
[01Mar2026 13:31:53.840] [Render thread/INFO] [mezz.jei.library.load.PluginCaller/]: Registering item subtypes took 2.065 milliseconds
[01Mar2026 13:31:53.840] [Render thread/INFO] [mezz.jei.library.load.PluginCaller/]: Registering fluid subtypes...
[01Mar2026 13:31:53.841] [Render thread/INFO] [mezz.jei.library.load.PluginCaller/]: Registering fluid subtypes took 583.6 microseconds
[01Mar2026 13:31:53.841] [Render thread/INFO] [mezz.jei.library.load.PluginCaller/]: Registering ingredients...
[01Mar2026 13:31:53.905] [Render thread/INFO] [mezz.jei.library.load.PluginCallerTimerRunnable/]: Registering ingredients: jei:minecraft took 63.03 milliseconds
[01Mar2026 13:31:53.905] [Render thread/INFO] [mezz.jei.library.load.PluginCaller/]: Registering ingredients took 63.50 milliseconds
[01Mar2026 13:31:53.905] [Render thread/INFO] [mezz.jei.library.load.PluginCaller/]: Registering extra ingredients...
[01Mar2026 13:31:53.905] [Render thread/INFO] [mezz.jei.library.load.PluginCaller/]: Registering extra ingredients took 276.5 microseconds
[01Mar2026 13:31:53.905] [Render thread/INFO] [mezz.jei.library.load.PluginCaller/]: Registering search ingredient aliases...
[01Mar2026 13:31:53.906] [Render thread/INFO] [mezz.jei.library.load.PluginCaller/]: Registering search ingredient aliases took 375.7 microseconds
[01Mar2026 13:31:53.912] [Render thread/INFO] [mezz.jei.library.load.PluginCaller/]: Registering Mod Info...
[01Mar2026 13:31:53.912] [Render thread/INFO] [mezz.jei.library.load.PluginCaller/]: Registering Mod Info took 369.2 microseconds
[01Mar2026 13:31:53.923] [Render thread/INFO] [mezz.jei.library.load.PluginCaller/]: Registering categories...
[01Mar2026 13:31:53.936] [Render thread/INFO] [mezz.jei.library.load.PluginCaller/]: Registering categories took 12.97 milliseconds
[01Mar2026 13:31:53.937] [Render thread/INFO] [mezz.jei.library.load.PluginCaller/]: Registering vanilla category extensions...
[01Mar2026 13:31:53.938] [Render thread/INFO] [mezz.jei.library.load.PluginCaller/]: Registering vanilla category extensions took 1.079 milliseconds
[01Mar2026 13:31:53.938] [Render thread/INFO] [mezz.jei.library.load.PluginCaller/]: Registering recipe catalysts...
[01Mar2026 13:31:53.939] [Render thread/INFO] [mezz.jei.library.load.PluginCaller/]: Registering recipe catalysts took 776.3 microseconds
[01Mar2026 13:31:53.939] [Render thread/INFO] [mezz.jei.core.util.LoggedTimer/]: Building recipe registry...
[01Mar2026 13:31:53.945] [Render thread/INFO] [mezz.jei.core.util.LoggedTimer/]: Building recipe registry took 5.740 milliseconds
[01Mar2026 13:31:53.946] [Render thread/INFO] [mezz.jei.library.load.PluginCaller/]: Registering advanced plugins...
[01Mar2026 13:31:53.946] [Render thread/INFO] [mezz.jei.library.load.PluginCaller/]: Registering advanced plugins took 361.5 microseconds
[01Mar2026 13:31:53.946] [Render thread/INFO] [mezz.jei.library.load.PluginCaller/]: Registering recipes...
[01Mar2026 13:31:54.056] [Render thread/INFO] [mezz.jei.library.load.PluginCallerTimerRunnable/]: Registering recipes: jei:minecraft took 109.2 milliseconds
[01Mar2026 13:31:54.076] [Render thread/INFO] [mezz.jei.library.load.PluginCallerTimerRunnable/]: Registering recipes: farmersdelight:jei_plugin took 19.75 milliseconds
[01Mar2026 13:31:54.088] [Render thread/INFO] [mezz.jei.library.load.PluginCallerTimerRunnable/]: Registering recipes: central_heater:jei took 11.12 milliseconds
[01Mar2026 13:31:54.115] [Render thread/INFO] [mezz.jei.library.load.PluginCallerTimerRunnable/]: Registering recipes: jei:internal took 27.36 milliseconds
[01Mar2026 13:31:54.116] [Render thread/INFO] [mezz.jei.library.load.PluginCaller/]: Registering recipes took 169.0 milliseconds
[01Mar2026 13:31:54.119] [Render thread/INFO] [mezz.jei.library.load.PluginCaller/]: Registering recipes transfer handlers...
[01Mar2026 13:31:54.121] [Render thread/INFO] [mezz.jei.library.load.PluginCaller/]: Registering recipes transfer handlers took 1.485 milliseconds
[01Mar2026 13:31:54.126] [Render thread/INFO] [mezz.jei.core.util.LoggedTimer/]: Building runtime...
[01Mar2026 13:31:54.128] [Render thread/INFO] [mezz.jei.library.load.PluginCaller/]: Registering gui handlers...
[01Mar2026 13:31:54.131] [Render thread/INFO] [mezz.jei.library.load.PluginCaller/]: Registering gui handlers took 2.588 milliseconds
[01Mar2026 13:31:54.132] [Render thread/INFO] [mezz.jei.library.load.PluginCaller/]: Registering Runtime...
[01Mar2026 13:31:54.133] [Render thread/INFO] [mezz.jei.gui.startup.JeiGuiStarter/]: Starting JEI GUI
[01Mar2026 13:31:54.133] [Render thread/INFO] [mezz.jei.core.util.LoggedTimer/]: Building ingredient list...
[01Mar2026 13:31:54.145] [Render thread/INFO] [mezz.jei.core.util.LoggedTimer/]: Building ingredient list took 11.39 milliseconds
[01Mar2026 13:31:54.145] [Render thread/INFO] [mezz.jei.core.util.LoggedTimer/]: Building ingredient filter...
[01Mar2026 13:31:54.160] [Render thread/INFO] [mezz.jei.gui.ingredients.IngredientFilter/]: Adding 2093 ingredients
[01Mar2026 13:31:54.330] [Render thread/INFO] [mezz.jei.gui.ingredients.IngredientFilter/]: Added 2093 ingredients
[01Mar2026 13:31:54.331] [Render thread/INFO] [mezz.jei.core.util.LoggedTimer/]: Building ingredient filter took 186.3 milliseconds
[01Mar2026 13:31:54.361] [Render thread/INFO] [mezz.jei.library.load.PluginCallerTimerRunnable/]: Registering Runtime: jei:neoforge_gui took 228.6 milliseconds
[01Mar2026 13:31:54.361] [Render thread/INFO] [mezz.jei.library.load.PluginCaller/]: Registering Runtime took 229.1 milliseconds
[01Mar2026 13:31:54.361] [Render thread/INFO] [mezz.jei.core.util.LoggedTimer/]: Building runtime took 235.5 milliseconds
[01Mar2026 13:31:54.361] [Render thread/INFO] [mezz.jei.library.load.PluginCaller/]: Sending Runtime...
[01Mar2026 13:31:54.362] [Render thread/INFO] [mezz.jei.library.load.PluginCaller/]: Sending Runtime took 465.1 microseconds
[01Mar2026 13:31:54.362] [Render thread/INFO] [mezz.jei.core.util.LoggedTimer/]: Starting JEI took 527.7 milliseconds
[01Mar2026 13:31:54.370] [Render thread/INFO] [net.minecraft.advancements.AdvancementTree/]: Loaded 55 advancements
[01Mar2026 13:33:13.439] [Render thread/INFO] [net.minecraft.advancements.AdvancementTree/]: Loaded 56 advancements
[01Mar2026 13:33:40.441] [Render thread/INFO] [net.minecraft.advancements.AdvancementTree/]: Loaded 59 advancements
[01Mar2026 13:34:09.881] [Server thread/INFO] [net.minecraft.client.server.IntegratedServer/]: Saving and pausing game...
[01Mar2026 13:34:09.895] [Server thread/INFO] [net.minecraft.server.MinecraftServer/]: Saving chunks for level 'ServerLevel[New World]'/minecraft:overworld
[01Mar2026 13:34:09.908] [Server thread/INFO] [net.minecraft.server.MinecraftServer/]: Saving chunks for level 'ServerLevel[New World]'/minecraft:the_end
[01Mar2026 13:34:09.909] [Server thread/INFO] [net.minecraft.server.MinecraftServer/]: Saving chunks for level 'ServerLevel[New World]'/minecraft:the_nether
[01Mar2026 13:34:20.031] [Server thread/INFO] [net.minecraft.client.server.IntegratedServer/]: Saving and pausing game...
[01Mar2026 13:34:20.035] [Server thread/INFO] [net.minecraft.server.MinecraftServer/]: Saving chunks for level 'ServerLevel[New World]'/minecraft:overworld
[01Mar2026 13:34:20.053] [Server thread/INFO] [net.minecraft.server.MinecraftServer/]: Saving chunks for level 'ServerLevel[New World]'/minecraft:the_end
[01Mar2026 13:34:20.059] [Server thread/INFO] [net.minecraft.server.MinecraftServer/]: Saving chunks for level 'ServerLevel[New World]'/minecraft:the_nether
[01Mar2026 13:35:17.487] [Render thread/INFO] [net.minecraft.advancements.AdvancementTree/]: Loaded 67 advancements
[01Mar2026 13:36:19.279] [Server thread/INFO] [net.minecraft.client.server.IntegratedServer/]: Saving and pausing game...
[01Mar2026 13:36:19.286] [Server thread/INFO] [net.minecraft.server.MinecraftServer/]: Saving chunks for level 'ServerLevel[New World]'/minecraft:overworld
[01Mar2026 13:36:19.292] [Server thread/INFO] [net.minecraft.server.MinecraftServer/]: Saving chunks for level 'ServerLevel[New World]'/minecraft:the_end
[01Mar2026 13:36:19.295] [Server thread/INFO] [net.minecraft.server.MinecraftServer/]: Saving chunks for level 'ServerLevel[New World]'/minecraft:the_nether
[01Mar2026 13:36:19.729] [Server thread/INFO] [net.minecraft.client.server.IntegratedServer/]: Saving and pausing game...
[01Mar2026 13:36:19.733] [Server thread/INFO] [net.minecraft.server.MinecraftServer/]: Saving chunks for level 'ServerLevel[New World]'/minecraft:overworld
[01Mar2026 13:36:19.738] [Server thread/INFO] [net.minecraft.server.MinecraftServer/]: Saving chunks for level 'ServerLevel[New World]'/minecraft:the_end
[01Mar2026 13:36:19.739] [Server thread/INFO] [net.minecraft.server.MinecraftServer/]: Saving chunks for level 'ServerLevel[New World]'/minecraft:the_nether
[01Mar2026 13:36:47.879] [Server thread/INFO] [net.minecraft.client.server.IntegratedServer/]: Saving and pausing game...
[01Mar2026 13:36:47.884] [Server thread/INFO] [net.minecraft.server.MinecraftServer/]: Saving chunks for level 'ServerLevel[New World]'/minecraft:overworld
[01Mar2026 13:36:47.890] [Server thread/INFO] [net.minecraft.server.MinecraftServer/]: Saving chunks for level 'ServerLevel[New World]'/minecraft:the_end
[01Mar2026 13:36:47.892] [Server thread/INFO] [net.minecraft.server.MinecraftServer/]: Saving chunks for level 'ServerLevel[New World]'/minecraft:the_nether
[01Mar2026 13:37:07.229] [Server thread/INFO] [net.minecraft.client.server.IntegratedServer/]: Saving and pausing game...
[01Mar2026 13:37:07.233] [Server thread/INFO] [net.minecraft.server.MinecraftServer/]: Saving chunks for level 'ServerLevel[New World]'/minecraft:overworld
[01Mar2026 13:37:07.238] [Server thread/INFO] [net.minecraft.server.MinecraftServer/]: Saving chunks for level 'ServerLevel[New World]'/minecraft:the_end
[01Mar2026 13:37:07.242] [Server thread/INFO] [net.minecraft.server.MinecraftServer/]: Saving chunks for level 'ServerLevel[New World]'/minecraft:the_nether
[01Mar2026 13:37:35.979] [Server thread/INFO] [net.minecraft.client.server.IntegratedServer/]: Saving and pausing game...
[01Mar2026 13:37:35.987] [Server thread/INFO] [net.minecraft.server.MinecraftServer/]: Saving chunks for level 'ServerLevel[New World]'/minecraft:overworld
[01Mar2026 13:37:36.009] [Server thread/INFO] [net.minecraft.server.MinecraftServer/]: Saving chunks for level 'ServerLevel[New World]'/minecraft:the_end
[01Mar2026 13:37:36.010] [Server thread/INFO] [net.minecraft.server.MinecraftServer/]: Saving chunks for level 'ServerLevel[New World]'/minecraft:the_nether
[01Mar2026 13:38:35.754] [Render thread/INFO] [mezz.jei.library.startup.JeiStarter/]: Stopping JEI
[01Mar2026 13:38:35.755] [Render thread/INFO] [mezz.jei.library.load.PluginCaller/]: Sending Runtime Unavailable...
[01Mar2026 13:38:35.756] [Render thread/INFO] [mezz.jei.neoforge.plugins.neoforge.NeoForgeGuiPlugin/]: Stopping JEI GUI
[01Mar2026 13:38:35.761] [Render thread/INFO] [mezz.jei.library.load.PluginCaller/]: Sending Runtime Unavailable took 5.439 milliseconds
[01Mar2026 13:38:35.824] [Server thread/INFO] [net.minecraft.server.network.ServerGamePacketListenerImpl/]: Dev lost connection: Disconnected
[01Mar2026 13:38:35.825] [Server thread/INFO] [net.minecraft.server.MinecraftServer/]: Dev left the game
[01Mar2026 13:38:35.834] [Server thread/INFO] [net.minecraft.server.network.ServerCommonPacketListenerImpl/]: Stopping singleplayer server as player logged out
[01Mar2026 13:38:35.844] [Server thread/INFO] [net.minecraft.server.MinecraftServer/]: Stopping server
[01Mar2026 13:38:35.845] [Server thread/INFO] [net.minecraft.server.MinecraftServer/]: Saving players
[01Mar2026 13:38:35.845] [Server thread/INFO] [net.minecraft.server.MinecraftServer/]: Saving worlds
[01Mar2026 13:38:36.723] [Server thread/INFO] [net.minecraft.server.MinecraftServer/]: Saving chunks for level 'ServerLevel[New World]'/minecraft:overworld
[01Mar2026 13:38:36.801] [Server thread/INFO] [net.minecraft.server.MinecraftServer/]: Saving chunks for level 'ServerLevel[New World]'/minecraft:the_end
[01Mar2026 13:38:36.807] [Server thread/INFO] [net.minecraft.server.MinecraftServer/]: Saving chunks for level 'ServerLevel[New World]'/minecraft:the_nether
[01Mar2026 13:38:36.814] [Server thread/INFO] [net.minecraft.server.MinecraftServer/]: ThreadedAnvilChunkStorage (New World): All chunks are saved
[01Mar2026 13:38:36.814] [Server thread/INFO] [net.minecraft.server.MinecraftServer/]: ThreadedAnvilChunkStorage (DIM1): All chunks are saved
[01Mar2026 13:38:36.814] [Server thread/INFO] [net.minecraft.server.MinecraftServer/]: ThreadedAnvilChunkStorage (DIM-1): All chunks are saved
[01Mar2026 13:38:36.814] [Server thread/INFO] [net.minecraft.server.MinecraftServer/]: ThreadedAnvilChunkStorage: All dimensions are saved
[01Mar2026 13:38:37.594] [Render thread/INFO] [net.minecraft.client.Minecraft/]: Stopping!
